------------------------------------------------------------
Timing Analyzer Summary
------------------------------------------------------------

Type  : Slow 1200mV 85C Model Setup 'CLK_50'
Slack : -2.331
TNS   : -31.441

Type  : Slow 1200mV 85C Model Setup 'CHATTER:inst24|CHATT[0]'
Slack : -0.524
TNS   : -0.725

Type  : Slow 1200mV 85C Model Hold 'CHATTER:inst24|CHATT[0]'
Slack : 0.403
TNS   : 0.000

Type  : Slow 1200mV 85C Model Hold 'CLK_50'
Slack : 0.589
TNS   : 0.000

Type  : Slow 1200mV 85C Model Minimum Pulse Width 'CLK_50'
Slack : -3.000
TNS   : -28.700

Type  : Slow 1200mV 85C Model Minimum Pulse Width 'CHATTER:inst24|CHATT[0]'
Slack : -1.285
TNS   : -5.140

Type  : Slow 1200mV 0C Model Setup 'CLK_50'
Slack : -2.012
TNS   : -26.217

Type  : Slow 1200mV 0C Model Setup 'CHATTER:inst24|CHATT[0]'
Slack : -0.374
TNS   : -0.455

Type  : Slow 1200mV 0C Model Hold 'CHATTER:inst24|CHATT[0]'
Slack : 0.355
TNS   : 0.000

Type  : Slow 1200mV 0C Model Hold 'CLK_50'
Slack : 0.539
TNS   : 0.000

Type  : Slow 1200mV 0C Model Minimum Pulse Width 'CLK_50'
Slack : -3.000
TNS   : -28.700

Type  : Slow 1200mV 0C Model Minimum Pulse Width 'CHATTER:inst24|CHATT[0]'
Slack : -1.285
TNS   : -5.140

Type  : Fast 1200mV 0C Model Setup 'CLK_50'
Slack : -0.625
TNS   : -5.897

Type  : Fast 1200mV 0C Model Setup 'CHATTER:inst24|CHATT[0]'
Slack : 0.253
TNS   : 0.000

Type  : Fast 1200mV 0C Model Hold 'CHATTER:inst24|CHATT[0]'
Slack : 0.181
TNS   : 0.000

Type  : Fast 1200mV 0C Model Hold 'CLK_50'
Slack : 0.262
TNS   : 0.000

Type  : Fast 1200mV 0C Model Minimum Pulse Width 'CLK_50'
Slack : -3.000
TNS   : -24.064

Type  : Fast 1200mV 0C Model Minimum Pulse Width 'CHATTER:inst24|CHATT[0]'
Slack : -1.000
TNS   : -4.000

------------------------------------------------------------
